// Jest Snapshot v1, https://goo.gl/fbAQLP

exports[`EditNetworksModal renders properly 1`] = `<div />`;
